--------------------------------------------------------------------------------
Release 14.7 Trace  (nt64)
Copyright (c) 1995-2013 Xilinx, Inc.  All rights reserved.

C:\Xilinx\14.7\ISE_DS\ISE\bin\nt64\unwrapped\trce.exe -intstyle ise -o
mojo_top_0.twr -v 30 -l 30 mojo_top_0_routed.ncd mojo_top_0.pcf

Design file:              mojo_top_0_routed.ncd
Physical constraint file: mojo_top_0.pcf
Device,package,speed:     xc6slx9,tqg144,C,-2 (PRODUCTION 1.23 2013-10-13)
Report level:             verbose report, limited to 30 items per constraint

Environment Variable      Effect 
--------------------      ------ 
NONE                      No environment variables were set
--------------------------------------------------------------------------------

INFO:Timing:3412 - To improve timing, see the Timing Closure User Guide (UG612).
INFO:Timing:2752 - To get complete path coverage, use the unconstrained paths 
   option. All paths that are not constrained will be reported in the 
   unconstrained paths section(s) of the report.
INFO:Timing:3339 - The clock-to-out numbers in this timing report are based on 
   a 50 Ohm transmission line loading model.  For the details of this model, 
   and for more information on accounting for different loading conditions, 
   please see the device datasheet.

================================================================================
Timing constraint: TS_clk = PERIOD TIMEGRP "clk" 50 MHz HIGH 50%;
For more information, see Period Analysis in the Timing Closure User Guide (UG612).

 7287 paths analyzed, 527 endpoints analyzed, 0 failing endpoints
 0 timing errors detected. (0 setup errors, 0 hold errors, 0 component switching limit errors)
 Minimum period is   7.608ns.
--------------------------------------------------------------------------------
Slack:                  12.392ns (requirement - (data path - clock path skew + uncertainty))
  Source:               leftb/M_ctr_q_12 (FF)
  Destination:          game/M_player_position_q_4 (FF)
  Requirement:          20.000ns
  Data Path Delay:      7.513ns (Levels of Logic = 4)
  Clock Path Skew:      -0.060ns (0.626 - 0.686)
  Source Clock:         clk_BUFGP rising at 0.000ns
  Destination Clock:    clk_BUFGP rising at 20.000ns
  Clock Uncertainty:    0.035ns

  Clock Uncertainty:          0.035ns  ((TSJ^2 + TIJ^2)^1/2 + DJ) / 2 + PE
    Total System Jitter (TSJ):  0.070ns
    Total Input Jitter (TIJ):   0.000ns
    Discrete Jitter (DJ):       0.000ns
    Phase Error (PE):           0.000ns

  Maximum Data Path at Slow Process Corner: leftb/M_ctr_q_12 to game/M_player_position_q_4
    Location             Delay type         Delay(ns)  Physical Resource
                                                       Logical Resource(s)
    -------------------------------------------------  -------------------
    SLICE_X14Y50.AQ      Tcko                  0.476   leftb/M_ctr_q[15]
                                                       leftb/M_ctr_q_12
    SLICE_X16Y49.A1      net (fanout=2)        1.017   leftb/M_ctr_q[12]
    SLICE_X16Y49.A       Tilo                  0.254   left/M_last_q
                                                       leftb/out3
    SLICE_X15Y49.A2      net (fanout=4)        0.953   out2_0
    SLICE_X15Y49.A       Tilo                  0.259   out1_0
                                                       left/out1
    SLICE_X9Y36.B3       net (fanout=26)       2.792   M_left_out
    SLICE_X9Y36.B        Tilo                  0.259   M_game_player_position_out[19]
                                                       game/move_player/alu/Mmux_aluOut22_SW0
    SLICE_X9Y35.A1       net (fanout=1)        1.130   game/N26
    SLICE_X9Y35.CLK      Tas                   0.373   game/M_player_position_q[7]
                                                       game/Mmux_M_player_position_d451
                                                       game/M_player_position_q_4
    -------------------------------------------------  ---------------------------
    Total                                      7.513ns (1.621ns logic, 5.892ns route)
                                                       (21.6% logic, 78.4% route)

--------------------------------------------------------------------------------
Slack:                  12.651ns (requirement - (data path - clock path skew + uncertainty))
  Source:               leftb/M_ctr_q_13 (FF)
  Destination:          game/M_player_position_q_4 (FF)
  Requirement:          20.000ns
  Data Path Delay:      7.254ns (Levels of Logic = 4)
  Clock Path Skew:      -0.060ns (0.626 - 0.686)
  Source Clock:         clk_BUFGP rising at 0.000ns
  Destination Clock:    clk_BUFGP rising at 20.000ns
  Clock Uncertainty:    0.035ns

  Clock Uncertainty:          0.035ns  ((TSJ^2 + TIJ^2)^1/2 + DJ) / 2 + PE
    Total System Jitter (TSJ):  0.070ns
    Total Input Jitter (TIJ):   0.000ns
    Discrete Jitter (DJ):       0.000ns
    Phase Error (PE):           0.000ns

  Maximum Data Path at Slow Process Corner: leftb/M_ctr_q_13 to game/M_player_position_q_4
    Location             Delay type         Delay(ns)  Physical Resource
                                                       Logical Resource(s)
    -------------------------------------------------  -------------------
    SLICE_X14Y50.BQ      Tcko                  0.476   leftb/M_ctr_q[15]
                                                       leftb/M_ctr_q_13
    SLICE_X16Y49.A2      net (fanout=2)        0.758   leftb/M_ctr_q[13]
    SLICE_X16Y49.A       Tilo                  0.254   left/M_last_q
                                                       leftb/out3
    SLICE_X15Y49.A2      net (fanout=4)        0.953   out2_0
    SLICE_X15Y49.A       Tilo                  0.259   out1_0
                                                       left/out1
    SLICE_X9Y36.B3       net (fanout=26)       2.792   M_left_out
    SLICE_X9Y36.B        Tilo                  0.259   M_game_player_position_out[19]
                                                       game/move_player/alu/Mmux_aluOut22_SW0
    SLICE_X9Y35.A1       net (fanout=1)        1.130   game/N26
    SLICE_X9Y35.CLK      Tas                   0.373   game/M_player_position_q[7]
                                                       game/Mmux_M_player_position_d451
                                                       game/M_player_position_q_4
    -------------------------------------------------  ---------------------------
    Total                                      7.254ns (1.621ns logic, 5.633ns route)
                                                       (22.3% logic, 77.7% route)

--------------------------------------------------------------------------------
Slack:                  12.709ns (requirement - (data path - clock path skew + uncertainty))
  Source:               leftb/M_ctr_q_12 (FF)
  Destination:          game/M_player_position_q_6 (FF)
  Requirement:          20.000ns
  Data Path Delay:      7.196ns (Levels of Logic = 4)
  Clock Path Skew:      -0.060ns (0.626 - 0.686)
  Source Clock:         clk_BUFGP rising at 0.000ns
  Destination Clock:    clk_BUFGP rising at 20.000ns
  Clock Uncertainty:    0.035ns

  Clock Uncertainty:          0.035ns  ((TSJ^2 + TIJ^2)^1/2 + DJ) / 2 + PE
    Total System Jitter (TSJ):  0.070ns
    Total Input Jitter (TIJ):   0.000ns
    Discrete Jitter (DJ):       0.000ns
    Phase Error (PE):           0.000ns

  Maximum Data Path at Slow Process Corner: leftb/M_ctr_q_12 to game/M_player_position_q_6
    Location             Delay type         Delay(ns)  Physical Resource
                                                       Logical Resource(s)
    -------------------------------------------------  -------------------
    SLICE_X14Y50.AQ      Tcko                  0.476   leftb/M_ctr_q[15]
                                                       leftb/M_ctr_q_12
    SLICE_X16Y49.A1      net (fanout=2)        1.017   leftb/M_ctr_q[12]
    SLICE_X16Y49.A       Tilo                  0.254   left/M_last_q
                                                       leftb/out3
    SLICE_X15Y49.A2      net (fanout=4)        0.953   out2_0
    SLICE_X15Y49.A       Tilo                  0.259   out1_0
                                                       left/out1
    SLICE_X8Y36.A3       net (fanout=26)       2.780   M_left_out
    SLICE_X8Y36.A        Tilo                  0.254   game/N38
                                                       game/move_player/alu/Mmux_aluOut26_SW1
    SLICE_X9Y35.C1       net (fanout=1)        0.830   game/N39
    SLICE_X9Y35.CLK      Tas                   0.373   game/M_player_position_q[7]
                                                       game/Mmux_M_player_position_d611
                                                       game/M_player_position_q_6
    -------------------------------------------------  ---------------------------
    Total                                      7.196ns (1.616ns logic, 5.580ns route)
                                                       (22.5% logic, 77.5% route)

--------------------------------------------------------------------------------
Slack:                  12.767ns (requirement - (data path - clock path skew + uncertainty))
  Source:               leftb/M_ctr_q_12 (FF)
  Destination:          game/M_player_position_q_5 (FF)
  Requirement:          20.000ns
  Data Path Delay:      7.138ns (Levels of Logic = 4)
  Clock Path Skew:      -0.060ns (0.626 - 0.686)
  Source Clock:         clk_BUFGP rising at 0.000ns
  Destination Clock:    clk_BUFGP rising at 20.000ns
  Clock Uncertainty:    0.035ns

  Clock Uncertainty:          0.035ns  ((TSJ^2 + TIJ^2)^1/2 + DJ) / 2 + PE
    Total System Jitter (TSJ):  0.070ns
    Total Input Jitter (TIJ):   0.000ns
    Discrete Jitter (DJ):       0.000ns
    Phase Error (PE):           0.000ns

  Maximum Data Path at Slow Process Corner: leftb/M_ctr_q_12 to game/M_player_position_q_5
    Location             Delay type         Delay(ns)  Physical Resource
                                                       Logical Resource(s)
    -------------------------------------------------  -------------------
    SLICE_X14Y50.AQ      Tcko                  0.476   leftb/M_ctr_q[15]
                                                       leftb/M_ctr_q_12
    SLICE_X16Y49.A1      net (fanout=2)        1.017   leftb/M_ctr_q[12]
    SLICE_X16Y49.A       Tilo                  0.254   left/M_last_q
                                                       leftb/out3
    SLICE_X15Y49.A2      net (fanout=4)        0.953   out2_0
    SLICE_X15Y49.A       Tilo                  0.259   out1_0
                                                       left/out1
    SLICE_X9Y34.D3       net (fanout=26)       2.820   M_left_out
    SLICE_X9Y34.D        Tilo                  0.259   game/N23
                                                       game/move_player/alu/Mmux_aluOut24_SW0
    SLICE_X9Y35.B2       net (fanout=1)        0.727   game/N23
    SLICE_X9Y35.CLK      Tas                   0.373   game/M_player_position_q[7]
                                                       game/Mmux_M_player_position_d561
                                                       game/M_player_position_q_5
    -------------------------------------------------  ---------------------------
    Total                                      7.138ns (1.621ns logic, 5.517ns route)
                                                       (22.7% logic, 77.3% route)

--------------------------------------------------------------------------------
Slack:                  12.814ns (requirement - (data path - clock path skew + uncertainty))
  Source:               leftb/M_ctr_q_12 (FF)
  Destination:          game/M_player_position_q_1 (FF)
  Requirement:          20.000ns
  Data Path Delay:      7.089ns (Levels of Logic = 4)
  Clock Path Skew:      -0.062ns (0.624 - 0.686)
  Source Clock:         clk_BUFGP rising at 0.000ns
  Destination Clock:    clk_BUFGP rising at 20.000ns
  Clock Uncertainty:    0.035ns

  Clock Uncertainty:          0.035ns  ((TSJ^2 + TIJ^2)^1/2 + DJ) / 2 + PE
    Total System Jitter (TSJ):  0.070ns
    Total Input Jitter (TIJ):   0.000ns
    Discrete Jitter (DJ):       0.000ns
    Phase Error (PE):           0.000ns

  Maximum Data Path at Slow Process Corner: leftb/M_ctr_q_12 to game/M_player_position_q_1
    Location             Delay type         Delay(ns)  Physical Resource
                                                       Logical Resource(s)
    -------------------------------------------------  -------------------
    SLICE_X14Y50.AQ      Tcko                  0.476   leftb/M_ctr_q[15]
                                                       leftb/M_ctr_q_12
    SLICE_X16Y49.A1      net (fanout=2)        1.017   leftb/M_ctr_q[12]
    SLICE_X16Y49.A       Tilo                  0.254   left/M_last_q
                                                       leftb/out3
    SLICE_X15Y49.C2      net (fanout=4)        0.757   out2_0
    SLICE_X15Y49.C       Tilo                  0.259   out1_0
                                                       left/out1_1
    SLICE_X5Y31.A4       net (fanout=8)        2.324   out1_3
    SLICE_X5Y31.A        Tilo                  0.259   M_game_player_position_out[23]
                                                       game/move_player/Mmux_player_location_out1111
    SLICE_X7Y40.B1       net (fanout=16)       1.370   game/Mmux_player_location_out111
    SLICE_X7Y40.CLK      Tas                   0.373   game/M_player_position_q[3]
                                                       game/Mmux_M_player_position_d121
                                                       game/M_player_position_q_1
    -------------------------------------------------  ---------------------------
    Total                                      7.089ns (1.621ns logic, 5.468ns route)
                                                       (22.9% logic, 77.1% route)

--------------------------------------------------------------------------------
Slack:                  12.833ns (requirement - (data path - clock path skew + uncertainty))
  Source:               leftb/M_ctr_q_12 (FF)
  Destination:          game/M_player_position_q_6 (FF)
  Requirement:          20.000ns
  Data Path Delay:      7.072ns (Levels of Logic = 5)
  Clock Path Skew:      -0.060ns (0.626 - 0.686)
  Source Clock:         clk_BUFGP rising at 0.000ns
  Destination Clock:    clk_BUFGP rising at 20.000ns
  Clock Uncertainty:    0.035ns

  Clock Uncertainty:          0.035ns  ((TSJ^2 + TIJ^2)^1/2 + DJ) / 2 + PE
    Total System Jitter (TSJ):  0.070ns
    Total Input Jitter (TIJ):   0.000ns
    Discrete Jitter (DJ):       0.000ns
    Phase Error (PE):           0.000ns

  Maximum Data Path at Slow Process Corner: leftb/M_ctr_q_12 to game/M_player_position_q_6
    Location             Delay type         Delay(ns)  Physical Resource
                                                       Logical Resource(s)
    -------------------------------------------------  -------------------
    SLICE_X14Y50.AQ      Tcko                  0.476   leftb/M_ctr_q[15]
                                                       leftb/M_ctr_q_12
    SLICE_X16Y49.A1      net (fanout=2)        1.017   leftb/M_ctr_q[12]
    SLICE_X16Y49.A       Tilo                  0.254   left/M_last_q
                                                       leftb/out3
    SLICE_X15Y49.C2      net (fanout=4)        0.757   out2_0
    SLICE_X15Y49.C       Tilo                  0.259   out1_0
                                                       left/out1_1
    SLICE_X6Y41.B1       net (fanout=8)        2.074   out1_3
    SLICE_X6Y41.COUT     Topcyb                0.448   game/move_player/alu/adder/Madd_a[15]_b[15]_add_3_OUT_cy[3]
                                                       game/move_player/Mmux_M_alu_a211
                                                       game/move_player/alu/adder/Madd_a[15]_b[15]_add_3_OUT_cy<3>
    SLICE_X6Y42.CIN      net (fanout=1)        0.003   game/move_player/alu/adder/Madd_a[15]_b[15]_add_3_OUT_cy[3]
    SLICE_X6Y42.CMUX     Tcinc                 0.289   game/a[15]_b[15]_add_3_OUT[7]
                                                       game/move_player/alu/adder/Madd_a[15]_b[15]_add_3_OUT_xor<7>
    SLICE_X9Y35.C3       net (fanout=2)        1.122   game/a[15]_b[15]_add_3_OUT[6]
    SLICE_X9Y35.CLK      Tas                   0.373   game/M_player_position_q[7]
                                                       game/Mmux_M_player_position_d611
                                                       game/M_player_position_q_6
    -------------------------------------------------  ---------------------------
    Total                                      7.072ns (2.099ns logic, 4.973ns route)
                                                       (29.7% logic, 70.3% route)

--------------------------------------------------------------------------------
Slack:                  12.835ns (requirement - (data path - clock path skew + uncertainty))
  Source:               leftb/M_ctr_q_12 (FF)
  Destination:          game/M_player_position_q_5 (FF)
  Requirement:          20.000ns
  Data Path Delay:      7.070ns (Levels of Logic = 5)
  Clock Path Skew:      -0.060ns (0.626 - 0.686)
  Source Clock:         clk_BUFGP rising at 0.000ns
  Destination Clock:    clk_BUFGP rising at 20.000ns
  Clock Uncertainty:    0.035ns

  Clock Uncertainty:          0.035ns  ((TSJ^2 + TIJ^2)^1/2 + DJ) / 2 + PE
    Total System Jitter (TSJ):  0.070ns
    Total Input Jitter (TIJ):   0.000ns
    Discrete Jitter (DJ):       0.000ns
    Phase Error (PE):           0.000ns

  Maximum Data Path at Slow Process Corner: leftb/M_ctr_q_12 to game/M_player_position_q_5
    Location             Delay type         Delay(ns)  Physical Resource
                                                       Logical Resource(s)
    -------------------------------------------------  -------------------
    SLICE_X14Y50.AQ      Tcko                  0.476   leftb/M_ctr_q[15]
                                                       leftb/M_ctr_q_12
    SLICE_X16Y49.A1      net (fanout=2)        1.017   leftb/M_ctr_q[12]
    SLICE_X16Y49.A       Tilo                  0.254   left/M_last_q
                                                       leftb/out3
    SLICE_X15Y49.C2      net (fanout=4)        0.757   out2_0
    SLICE_X15Y49.C       Tilo                  0.259   out1_0
                                                       left/out1_1
    SLICE_X6Y41.B1       net (fanout=8)        2.074   out1_3
    SLICE_X6Y41.COUT     Topcyb                0.448   game/move_player/alu/adder/Madd_a[15]_b[15]_add_3_OUT_cy[3]
                                                       game/move_player/Mmux_M_alu_a211
                                                       game/move_player/alu/adder/Madd_a[15]_b[15]_add_3_OUT_cy<3>
    SLICE_X6Y42.CIN      net (fanout=1)        0.003   game/move_player/alu/adder/Madd_a[15]_b[15]_add_3_OUT_cy[3]
    SLICE_X6Y42.BMUX     Tcinb                 0.277   game/a[15]_b[15]_add_3_OUT[7]
                                                       game/move_player/alu/adder/Madd_a[15]_b[15]_add_3_OUT_xor<7>
    SLICE_X9Y35.B3       net (fanout=2)        1.132   game/a[15]_b[15]_add_3_OUT[5]
    SLICE_X9Y35.CLK      Tas                   0.373   game/M_player_position_q[7]
                                                       game/Mmux_M_player_position_d561
                                                       game/M_player_position_q_5
    -------------------------------------------------  ---------------------------
    Total                                      7.070ns (2.087ns logic, 4.983ns route)
                                                       (29.5% logic, 70.5% route)

--------------------------------------------------------------------------------
Slack:                  12.836ns (requirement - (data path - clock path skew + uncertainty))
  Source:               leftb/M_ctr_q_10 (FF)
  Destination:          game/M_player_position_q_4 (FF)
  Requirement:          20.000ns
  Data Path Delay:      7.068ns (Levels of Logic = 4)
  Clock Path Skew:      -0.061ns (0.626 - 0.687)
  Source Clock:         clk_BUFGP rising at 0.000ns
  Destination Clock:    clk_BUFGP rising at 20.000ns
  Clock Uncertainty:    0.035ns

  Clock Uncertainty:          0.035ns  ((TSJ^2 + TIJ^2)^1/2 + DJ) / 2 + PE
    Total System Jitter (TSJ):  0.070ns
    Total Input Jitter (TIJ):   0.000ns
    Discrete Jitter (DJ):       0.000ns
    Phase Error (PE):           0.000ns

  Maximum Data Path at Slow Process Corner: leftb/M_ctr_q_10 to game/M_player_position_q_4
    Location             Delay type         Delay(ns)  Physical Resource
                                                       Logical Resource(s)
    -------------------------------------------------  -------------------
    SLICE_X14Y49.CQ      Tcko                  0.476   leftb/M_ctr_q[11]
                                                       leftb/M_ctr_q_10
    SLICE_X16Y49.A3      net (fanout=2)        0.572   leftb/M_ctr_q[10]
    SLICE_X16Y49.A       Tilo                  0.254   left/M_last_q
                                                       leftb/out3
    SLICE_X15Y49.A2      net (fanout=4)        0.953   out2_0
    SLICE_X15Y49.A       Tilo                  0.259   out1_0
                                                       left/out1
    SLICE_X9Y36.B3       net (fanout=26)       2.792   M_left_out
    SLICE_X9Y36.B        Tilo                  0.259   M_game_player_position_out[19]
                                                       game/move_player/alu/Mmux_aluOut22_SW0
    SLICE_X9Y35.A1       net (fanout=1)        1.130   game/N26
    SLICE_X9Y35.CLK      Tas                   0.373   game/M_player_position_q[7]
                                                       game/Mmux_M_player_position_d451
                                                       game/M_player_position_q_4
    -------------------------------------------------  ---------------------------
    Total                                      7.068ns (1.621ns logic, 5.447ns route)
                                                       (22.9% logic, 77.1% route)

--------------------------------------------------------------------------------
Slack:                  12.850ns (requirement - (data path - clock path skew + uncertainty))
  Source:               leftb/M_ctr_q_12 (FF)
  Destination:          game/M_player_position_q_7 (FF)
  Requirement:          20.000ns
  Data Path Delay:      7.055ns (Levels of Logic = 4)
  Clock Path Skew:      -0.060ns (0.626 - 0.686)
  Source Clock:         clk_BUFGP rising at 0.000ns
  Destination Clock:    clk_BUFGP rising at 20.000ns
  Clock Uncertainty:    0.035ns

  Clock Uncertainty:          0.035ns  ((TSJ^2 + TIJ^2)^1/2 + DJ) / 2 + PE
    Total System Jitter (TSJ):  0.070ns
    Total Input Jitter (TIJ):   0.000ns
    Discrete Jitter (DJ):       0.000ns
    Phase Error (PE):           0.000ns

  Maximum Data Path at Slow Process Corner: leftb/M_ctr_q_12 to game/M_player_position_q_7
    Location             Delay type         Delay(ns)  Physical Resource
                                                       Logical Resource(s)
    -------------------------------------------------  -------------------
    SLICE_X14Y50.AQ      Tcko                  0.476   leftb/M_ctr_q[15]
                                                       leftb/M_ctr_q_12
    SLICE_X16Y49.A1      net (fanout=2)        1.017   leftb/M_ctr_q[12]
    SLICE_X16Y49.A       Tilo                  0.254   left/M_last_q
                                                       leftb/out3
    SLICE_X15Y49.A2      net (fanout=4)        0.953   out2_0
    SLICE_X15Y49.A       Tilo                  0.259   out1_0
                                                       left/out1
    SLICE_X9Y34.C4       net (fanout=26)       2.749   M_left_out
    SLICE_X9Y34.C        Tilo                  0.259   game/N23
                                                       game/move_player/alu/Mmux_aluOut281_SW1
    SLICE_X9Y35.D1       net (fanout=1)        0.715   game/N21
    SLICE_X9Y35.CLK      Tas                   0.373   game/M_player_position_q[7]
                                                       game/Mmux_M_player_position_d621
                                                       game/M_player_position_q_7
    -------------------------------------------------  ---------------------------
    Total                                      7.055ns (1.621ns logic, 5.434ns route)
                                                       (23.0% logic, 77.0% route)

--------------------------------------------------------------------------------
Slack:                  12.855ns (requirement - (data path - clock path skew + uncertainty))
  Source:               leftb/M_ctr_q_12 (FF)
  Destination:          game/M_player_position_q_4 (FF)
  Requirement:          20.000ns
  Data Path Delay:      7.050ns (Levels of Logic = 4)
  Clock Path Skew:      -0.060ns (0.626 - 0.686)
  Source Clock:         clk_BUFGP rising at 0.000ns
  Destination Clock:    clk_BUFGP rising at 20.000ns
  Clock Uncertainty:    0.035ns

  Clock Uncertainty:          0.035ns  ((TSJ^2 + TIJ^2)^1/2 + DJ) / 2 + PE
    Total System Jitter (TSJ):  0.070ns
    Total Input Jitter (TIJ):   0.000ns
    Discrete Jitter (DJ):       0.000ns
    Phase Error (PE):           0.000ns

  Maximum Data Path at Slow Process Corner: leftb/M_ctr_q_12 to game/M_player_position_q_4
    Location             Delay type         Delay(ns)  Physical Resource
                                                       Logical Resource(s)
    -------------------------------------------------  -------------------
    SLICE_X14Y50.AQ      Tcko                  0.476   leftb/M_ctr_q[15]
                                                       leftb/M_ctr_q_12
    SLICE_X16Y49.A1      net (fanout=2)        1.017   leftb/M_ctr_q[12]
    SLICE_X16Y49.A       Tilo                  0.254   left/M_last_q
                                                       leftb/out3
    SLICE_X15Y49.C2      net (fanout=4)        0.757   out2_0
    SLICE_X15Y49.C       Tilo                  0.259   out1_0
                                                       left/out1_1
    SLICE_X5Y31.A4       net (fanout=8)        2.324   out1_3
    SLICE_X5Y31.A        Tilo                  0.259   M_game_player_position_out[23]
                                                       game/move_player/Mmux_player_location_out1111
    SLICE_X9Y35.A2       net (fanout=16)       1.331   game/Mmux_player_location_out111
    SLICE_X9Y35.CLK      Tas                   0.373   game/M_player_position_q[7]
                                                       game/Mmux_M_player_position_d451
                                                       game/M_player_position_q_4
    -------------------------------------------------  ---------------------------
    Total                                      7.050ns (1.621ns logic, 5.429ns route)
                                                       (23.0% logic, 77.0% route)

--------------------------------------------------------------------------------
Slack:                  12.870ns (requirement - (data path - clock path skew + uncertainty))
  Source:               leftb/M_ctr_q_12 (FF)
  Destination:          game/M_player_position_q_6 (FF)
  Requirement:          20.000ns
  Data Path Delay:      7.035ns (Levels of Logic = 5)
  Clock Path Skew:      -0.060ns (0.626 - 0.686)
  Source Clock:         clk_BUFGP rising at 0.000ns
  Destination Clock:    clk_BUFGP rising at 20.000ns
  Clock Uncertainty:    0.035ns

  Clock Uncertainty:          0.035ns  ((TSJ^2 + TIJ^2)^1/2 + DJ) / 2 + PE
    Total System Jitter (TSJ):  0.070ns
    Total Input Jitter (TIJ):   0.000ns
    Discrete Jitter (DJ):       0.000ns
    Phase Error (PE):           0.000ns

  Maximum Data Path at Slow Process Corner: leftb/M_ctr_q_12 to game/M_player_position_q_6
    Location             Delay type         Delay(ns)  Physical Resource
                                                       Logical Resource(s)
    -------------------------------------------------  -------------------
    SLICE_X14Y50.AQ      Tcko                  0.476   leftb/M_ctr_q[15]
                                                       leftb/M_ctr_q_12
    SLICE_X16Y49.A1      net (fanout=2)        1.017   leftb/M_ctr_q[12]
    SLICE_X16Y49.A       Tilo                  0.254   left/M_last_q
                                                       leftb/out3
    SLICE_X15Y49.C2      net (fanout=4)        0.757   out2_0
    SLICE_X15Y49.C       Tilo                  0.259   out1_0
                                                       left/out1_1
    SLICE_X6Y41.B1       net (fanout=8)        2.074   out1_3
    SLICE_X6Y41.COUT     Topcyb                0.411   game/move_player/alu/adder/Madd_a[15]_b[15]_add_3_OUT_cy[3]
                                                       game/move_player/Mmux_M_alu_a21
                                                       game/move_player/alu/adder/Madd_a[15]_b[15]_add_3_OUT_cy<3>
    SLICE_X6Y42.CIN      net (fanout=1)        0.003   game/move_player/alu/adder/Madd_a[15]_b[15]_add_3_OUT_cy[3]
    SLICE_X6Y42.CMUX     Tcinc                 0.289   game/a[15]_b[15]_add_3_OUT[7]
                                                       game/move_player/alu/adder/Madd_a[15]_b[15]_add_3_OUT_xor<7>
    SLICE_X9Y35.C3       net (fanout=2)        1.122   game/a[15]_b[15]_add_3_OUT[6]
    SLICE_X9Y35.CLK      Tas                   0.373   game/M_player_position_q[7]
                                                       game/Mmux_M_player_position_d611
                                                       game/M_player_position_q_6
    -------------------------------------------------  ---------------------------
    Total                                      7.035ns (2.062ns logic, 4.973ns route)
                                                       (29.3% logic, 70.7% route)

--------------------------------------------------------------------------------
Slack:                  12.872ns (requirement - (data path - clock path skew + uncertainty))
  Source:               leftb/M_ctr_q_12 (FF)
  Destination:          game/M_player_position_q_5 (FF)
  Requirement:          20.000ns
  Data Path Delay:      7.033ns (Levels of Logic = 5)
  Clock Path Skew:      -0.060ns (0.626 - 0.686)
  Source Clock:         clk_BUFGP rising at 0.000ns
  Destination Clock:    clk_BUFGP rising at 20.000ns
  Clock Uncertainty:    0.035ns

  Clock Uncertainty:          0.035ns  ((TSJ^2 + TIJ^2)^1/2 + DJ) / 2 + PE
    Total System Jitter (TSJ):  0.070ns
    Total Input Jitter (TIJ):   0.000ns
    Discrete Jitter (DJ):       0.000ns
    Phase Error (PE):           0.000ns

  Maximum Data Path at Slow Process Corner: leftb/M_ctr_q_12 to game/M_player_position_q_5
    Location             Delay type         Delay(ns)  Physical Resource
                                                       Logical Resource(s)
    -------------------------------------------------  -------------------
    SLICE_X14Y50.AQ      Tcko                  0.476   leftb/M_ctr_q[15]
                                                       leftb/M_ctr_q_12
    SLICE_X16Y49.A1      net (fanout=2)        1.017   leftb/M_ctr_q[12]
    SLICE_X16Y49.A       Tilo                  0.254   left/M_last_q
                                                       leftb/out3
    SLICE_X15Y49.C2      net (fanout=4)        0.757   out2_0
    SLICE_X15Y49.C       Tilo                  0.259   out1_0
                                                       left/out1_1
    SLICE_X6Y41.B1       net (fanout=8)        2.074   out1_3
    SLICE_X6Y41.COUT     Topcyb                0.411   game/move_player/alu/adder/Madd_a[15]_b[15]_add_3_OUT_cy[3]
                                                       game/move_player/Mmux_M_alu_a21
                                                       game/move_player/alu/adder/Madd_a[15]_b[15]_add_3_OUT_cy<3>
    SLICE_X6Y42.CIN      net (fanout=1)        0.003   game/move_player/alu/adder/Madd_a[15]_b[15]_add_3_OUT_cy[3]
    SLICE_X6Y42.BMUX     Tcinb                 0.277   game/a[15]_b[15]_add_3_OUT[7]
                                                       game/move_player/alu/adder/Madd_a[15]_b[15]_add_3_OUT_xor<7>
    SLICE_X9Y35.B3       net (fanout=2)        1.132   game/a[15]_b[15]_add_3_OUT[5]
    SLICE_X9Y35.CLK      Tas                   0.373   game/M_player_position_q[7]
                                                       game/Mmux_M_player_position_d561
                                                       game/M_player_position_q_5
    -------------------------------------------------  ---------------------------
    Total                                      7.033ns (2.050ns logic, 4.983ns route)
                                                       (29.1% logic, 70.9% route)

--------------------------------------------------------------------------------
Slack:                  12.874ns (requirement - (data path - clock path skew + uncertainty))
  Source:               leftb/M_ctr_q_12 (FF)
  Destination:          game/M_player_position_q_6 (FF)
  Requirement:          20.000ns
  Data Path Delay:      7.031ns (Levels of Logic = 4)
  Clock Path Skew:      -0.060ns (0.626 - 0.686)
  Source Clock:         clk_BUFGP rising at 0.000ns
  Destination Clock:    clk_BUFGP rising at 20.000ns
  Clock Uncertainty:    0.035ns

  Clock Uncertainty:          0.035ns  ((TSJ^2 + TIJ^2)^1/2 + DJ) / 2 + PE
    Total System Jitter (TSJ):  0.070ns
    Total Input Jitter (TIJ):   0.000ns
    Discrete Jitter (DJ):       0.000ns
    Phase Error (PE):           0.000ns

  Maximum Data Path at Slow Process Corner: leftb/M_ctr_q_12 to game/M_player_position_q_6
    Location             Delay type         Delay(ns)  Physical Resource
                                                       Logical Resource(s)
    -------------------------------------------------  -------------------
    SLICE_X14Y50.AQ      Tcko                  0.476   leftb/M_ctr_q[15]
                                                       leftb/M_ctr_q_12
    SLICE_X16Y49.A1      net (fanout=2)        1.017   leftb/M_ctr_q[12]
    SLICE_X16Y49.A       Tilo                  0.254   left/M_last_q
                                                       leftb/out3
    SLICE_X15Y49.C2      net (fanout=4)        0.757   out2_0
    SLICE_X15Y49.C       Tilo                  0.259   out1_0
                                                       left/out1_1
    SLICE_X5Y31.A4       net (fanout=8)        2.324   out1_3
    SLICE_X5Y31.A        Tilo                  0.259   M_game_player_position_out[23]
                                                       game/move_player/Mmux_player_location_out1111
    SLICE_X9Y35.C2       net (fanout=16)       1.312   game/Mmux_player_location_out111
    SLICE_X9Y35.CLK      Tas                   0.373   game/M_player_position_q[7]
                                                       game/Mmux_M_player_position_d611
                                                       game/M_player_position_q_6
    -------------------------------------------------  ---------------------------
    Total                                      7.031ns (1.621ns logic, 5.410ns route)
                                                       (23.1% logic, 76.9% route)

--------------------------------------------------------------------------------
Slack:                  12.885ns (requirement - (data path - clock path skew + uncertainty))
  Source:               leftb/M_ctr_q_9 (FF)
  Destination:          game/M_player_position_q_4 (FF)
  Requirement:          20.000ns
  Data Path Delay:      7.019ns (Levels of Logic = 4)
  Clock Path Skew:      -0.061ns (0.626 - 0.687)
  Source Clock:         clk_BUFGP rising at 0.000ns
  Destination Clock:    clk_BUFGP rising at 20.000ns
  Clock Uncertainty:    0.035ns

  Clock Uncertainty:          0.035ns  ((TSJ^2 + TIJ^2)^1/2 + DJ) / 2 + PE
    Total System Jitter (TSJ):  0.070ns
    Total Input Jitter (TIJ):   0.000ns
    Discrete Jitter (DJ):       0.000ns
    Phase Error (PE):           0.000ns

  Maximum Data Path at Slow Process Corner: leftb/M_ctr_q_9 to game/M_player_position_q_4
    Location             Delay type         Delay(ns)  Physical Resource
                                                       Logical Resource(s)
    -------------------------------------------------  -------------------
    SLICE_X14Y49.BQ      Tcko                  0.476   leftb/M_ctr_q[11]
                                                       leftb/M_ctr_q_9
    SLICE_X16Y49.A4      net (fanout=2)        0.523   leftb/M_ctr_q[9]
    SLICE_X16Y49.A       Tilo                  0.254   left/M_last_q
                                                       leftb/out3
    SLICE_X15Y49.A2      net (fanout=4)        0.953   out2_0
    SLICE_X15Y49.A       Tilo                  0.259   out1_0
                                                       left/out1
    SLICE_X9Y36.B3       net (fanout=26)       2.792   M_left_out
    SLICE_X9Y36.B        Tilo                  0.259   M_game_player_position_out[19]
                                                       game/move_player/alu/Mmux_aluOut22_SW0
    SLICE_X9Y35.A1       net (fanout=1)        1.130   game/N26
    SLICE_X9Y35.CLK      Tas                   0.373   game/M_player_position_q[7]
                                                       game/Mmux_M_player_position_d451
                                                       game/M_player_position_q_4
    -------------------------------------------------  ---------------------------
    Total                                      7.019ns (1.621ns logic, 5.398ns route)
                                                       (23.1% logic, 76.9% route)

--------------------------------------------------------------------------------
Slack:                  12.887ns (requirement - (data path - clock path skew + uncertainty))
  Source:               leftb/M_ctr_q_12 (FF)
  Destination:          game/M_player_position_q_4 (FF)
  Requirement:          20.000ns
  Data Path Delay:      7.018ns (Levels of Logic = 4)
  Clock Path Skew:      -0.060ns (0.626 - 0.686)
  Source Clock:         clk_BUFGP rising at 0.000ns
  Destination Clock:    clk_BUFGP rising at 20.000ns
  Clock Uncertainty:    0.035ns

  Clock Uncertainty:          0.035ns  ((TSJ^2 + TIJ^2)^1/2 + DJ) / 2 + PE
    Total System Jitter (TSJ):  0.070ns
    Total Input Jitter (TIJ):   0.000ns
    Discrete Jitter (DJ):       0.000ns
    Phase Error (PE):           0.000ns

  Maximum Data Path at Slow Process Corner: leftb/M_ctr_q_12 to game/M_player_position_q_4
    Location             Delay type         Delay(ns)  Physical Resource
                                                       Logical Resource(s)
    -------------------------------------------------  -------------------
    SLICE_X14Y50.AQ      Tcko                  0.476   leftb/M_ctr_q[15]
                                                       leftb/M_ctr_q_12
    SLICE_X16Y49.A1      net (fanout=2)        1.017   leftb/M_ctr_q[12]
    SLICE_X16Y49.A       Tilo                  0.254   left/M_last_q
                                                       leftb/out3
    SLICE_X15Y49.A2      net (fanout=4)        0.953   out2_0
    SLICE_X15Y49.A       Tilo                  0.259   out1_0
                                                       left/out1
    SLICE_X9Y36.C6       net (fanout=26)       2.565   M_left_out
    SLICE_X9Y36.C        Tilo                  0.259   M_game_player_position_out[19]
                                                       game/move_player/alu/Mmux_aluOut22_SW1
    SLICE_X9Y35.A3       net (fanout=1)        0.862   game/N27
    SLICE_X9Y35.CLK      Tas                   0.373   game/M_player_position_q[7]
                                                       game/Mmux_M_player_position_d451
                                                       game/M_player_position_q_4
    -------------------------------------------------  ---------------------------
    Total                                      7.018ns (1.621ns logic, 5.397ns route)
                                                       (23.1% logic, 76.9% route)

--------------------------------------------------------------------------------
Slack:                  12.903ns (requirement - (data path - clock path skew + uncertainty))
  Source:               leftb/M_ctr_q_12 (FF)
  Destination:          game/M_player_position_q_7 (FF)
  Requirement:          20.000ns
  Data Path Delay:      7.002ns (Levels of Logic = 5)
  Clock Path Skew:      -0.060ns (0.626 - 0.686)
  Source Clock:         clk_BUFGP rising at 0.000ns
  Destination Clock:    clk_BUFGP rising at 20.000ns
  Clock Uncertainty:    0.035ns

  Clock Uncertainty:          0.035ns  ((TSJ^2 + TIJ^2)^1/2 + DJ) / 2 + PE
    Total System Jitter (TSJ):  0.070ns
    Total Input Jitter (TIJ):   0.000ns
    Discrete Jitter (DJ):       0.000ns
    Phase Error (PE):           0.000ns

  Maximum Data Path at Slow Process Corner: leftb/M_ctr_q_12 to game/M_player_position_q_7
    Location             Delay type         Delay(ns)  Physical Resource
                                                       Logical Resource(s)
    -------------------------------------------------  -------------------
    SLICE_X14Y50.AQ      Tcko                  0.476   leftb/M_ctr_q[15]
                                                       leftb/M_ctr_q_12
    SLICE_X16Y49.A1      net (fanout=2)        1.017   leftb/M_ctr_q[12]
    SLICE_X16Y49.A       Tilo                  0.254   left/M_last_q
                                                       leftb/out3
    SLICE_X15Y49.C2      net (fanout=4)        0.757   out2_0
    SLICE_X15Y49.C       Tilo                  0.259   out1_0
                                                       left/out1_1
    SLICE_X6Y41.B1       net (fanout=8)        2.074   out1_3
    SLICE_X6Y41.COUT     Topcyb                0.448   game/move_player/alu/adder/Madd_a[15]_b[15]_add_3_OUT_cy[3]
                                                       game/move_player/Mmux_M_alu_a211
                                                       game/move_player/alu/adder/Madd_a[15]_b[15]_add_3_OUT_cy<3>
    SLICE_X6Y42.CIN      net (fanout=1)        0.003   game/move_player/alu/adder/Madd_a[15]_b[15]_add_3_OUT_cy[3]
    SLICE_X6Y42.DMUX     Tcind                 0.289   game/a[15]_b[15]_add_3_OUT[7]
                                                       game/move_player/alu/adder/Madd_a[15]_b[15]_add_3_OUT_xor<7>
    SLICE_X9Y35.D4       net (fanout=2)        1.052   game/a[15]_b[15]_add_3_OUT[7]
    SLICE_X9Y35.CLK      Tas                   0.373   game/M_player_position_q[7]
                                                       game/Mmux_M_player_position_d621
                                                       game/M_player_position_q_7
    -------------------------------------------------  ---------------------------
    Total                                      7.002ns (2.099ns logic, 4.903ns route)
                                                       (30.0% logic, 70.0% route)

--------------------------------------------------------------------------------
Slack:                  12.940ns (requirement - (data path - clock path skew + uncertainty))
  Source:               leftb/M_ctr_q_12 (FF)
  Destination:          game/M_player_position_q_7 (FF)
  Requirement:          20.000ns
  Data Path Delay:      6.965ns (Levels of Logic = 5)
  Clock Path Skew:      -0.060ns (0.626 - 0.686)
  Source Clock:         clk_BUFGP rising at 0.000ns
  Destination Clock:    clk_BUFGP rising at 20.000ns
  Clock Uncertainty:    0.035ns

  Clock Uncertainty:          0.035ns  ((TSJ^2 + TIJ^2)^1/2 + DJ) / 2 + PE
    Total System Jitter (TSJ):  0.070ns
    Total Input Jitter (TIJ):   0.000ns
    Discrete Jitter (DJ):       0.000ns
    Phase Error (PE):           0.000ns

  Maximum Data Path at Slow Process Corner: leftb/M_ctr_q_12 to game/M_player_position_q_7
    Location             Delay type         Delay(ns)  Physical Resource
                                                       Logical Resource(s)
    -------------------------------------------------  -------------------
    SLICE_X14Y50.AQ      Tcko                  0.476   leftb/M_ctr_q[15]
                                                       leftb/M_ctr_q_12
    SLICE_X16Y49.A1      net (fanout=2)        1.017   leftb/M_ctr_q[12]
    SLICE_X16Y49.A       Tilo                  0.254   left/M_last_q
                                                       leftb/out3
    SLICE_X15Y49.C2      net (fanout=4)        0.757   out2_0
    SLICE_X15Y49.C       Tilo                  0.259   out1_0
                                                       left/out1_1
    SLICE_X6Y41.B1       net (fanout=8)        2.074   out1_3
    SLICE_X6Y41.COUT     Topcyb                0.411   game/move_player/alu/adder/Madd_a[15]_b[15]_add_3_OUT_cy[3]
                                                       game/move_player/Mmux_M_alu_a21
                                                       game/move_player/alu/adder/Madd_a[15]_b[15]_add_3_OUT_cy<3>
    SLICE_X6Y42.CIN      net (fanout=1)        0.003   game/move_player/alu/adder/Madd_a[15]_b[15]_add_3_OUT_cy[3]
    SLICE_X6Y42.DMUX     Tcind                 0.289   game/a[15]_b[15]_add_3_OUT[7]
                                                       game/move_player/alu/adder/Madd_a[15]_b[15]_add_3_OUT_xor<7>
    SLICE_X9Y35.D4       net (fanout=2)        1.052   game/a[15]_b[15]_add_3_OUT[7]
    SLICE_X9Y35.CLK      Tas                   0.373   game/M_player_position_q[7]
                                                       game/Mmux_M_player_position_d621
                                                       game/M_player_position_q_7
    -------------------------------------------------  ---------------------------
    Total                                      6.965ns (2.062ns logic, 4.903ns route)
                                                       (29.6% logic, 70.4% route)

--------------------------------------------------------------------------------
Slack:                  12.944ns (requirement - (data path - clock path skew + uncertainty))
  Source:               leftb/M_ctr_q_12 (FF)
  Destination:          game/M_player_position_q_3 (FF)
  Requirement:          20.000ns
  Data Path Delay:      6.959ns (Levels of Logic = 4)
  Clock Path Skew:      -0.062ns (0.624 - 0.686)
  Source Clock:         clk_BUFGP rising at 0.000ns
  Destination Clock:    clk_BUFGP rising at 20.000ns
  Clock Uncertainty:    0.035ns

  Clock Uncertainty:          0.035ns  ((TSJ^2 + TIJ^2)^1/2 + DJ) / 2 + PE
    Total System Jitter (TSJ):  0.070ns
    Total Input Jitter (TIJ):   0.000ns
    Discrete Jitter (DJ):       0.000ns
    Phase Error (PE):           0.000ns

  Maximum Data Path at Slow Process Corner: leftb/M_ctr_q_12 to game/M_player_position_q_3
    Location             Delay type         Delay(ns)  Physical Resource
                                                       Logical Resource(s)
    -------------------------------------------------  -------------------
    SLICE_X14Y50.AQ      Tcko                  0.476   leftb/M_ctr_q[15]
                                                       leftb/M_ctr_q_12
    SLICE_X16Y49.A1      net (fanout=2)        1.017   leftb/M_ctr_q[12]
    SLICE_X16Y49.A       Tilo                  0.254   left/M_last_q
                                                       leftb/out3
    SLICE_X15Y49.C2      net (fanout=4)        0.757   out2_0
    SLICE_X15Y49.C       Tilo                  0.259   out1_0
                                                       left/out1_1
    SLICE_X5Y31.A4       net (fanout=8)        2.324   out1_3
    SLICE_X5Y31.A        Tilo                  0.259   M_game_player_position_out[23]
                                                       game/move_player/Mmux_player_location_out1111
    SLICE_X7Y40.D3       net (fanout=16)       1.240   game/Mmux_player_location_out111
    SLICE_X7Y40.CLK      Tas                   0.373   game/M_player_position_q[3]
                                                       game/Mmux_M_player_position_d341
                                                       game/M_player_position_q_3
    -------------------------------------------------  ---------------------------
    Total                                      6.959ns (1.621ns logic, 5.338ns route)
                                                       (23.3% logic, 76.7% route)

--------------------------------------------------------------------------------
Slack:                  12.947ns (requirement - (data path - clock path skew + uncertainty))
  Source:               leftb/M_ctr_q_8 (FF)
  Destination:          game/M_player_position_q_4 (FF)
  Requirement:          20.000ns
  Data Path Delay:      6.957ns (Levels of Logic = 4)
  Clock Path Skew:      -0.061ns (0.626 - 0.687)
  Source Clock:         clk_BUFGP rising at 0.000ns
  Destination Clock:    clk_BUFGP rising at 20.000ns
  Clock Uncertainty:    0.035ns

  Clock Uncertainty:          0.035ns  ((TSJ^2 + TIJ^2)^1/2 + DJ) / 2 + PE
    Total System Jitter (TSJ):  0.070ns
    Total Input Jitter (TIJ):   0.000ns
    Discrete Jitter (DJ):       0.000ns
    Phase Error (PE):           0.000ns

  Maximum Data Path at Slow Process Corner: leftb/M_ctr_q_8 to game/M_player_position_q_4
    Location             Delay type         Delay(ns)  Physical Resource
                                                       Logical Resource(s)
    -------------------------------------------------  -------------------
    SLICE_X14Y49.AQ      Tcko                  0.476   leftb/M_ctr_q[11]
                                                       leftb/M_ctr_q_8
    SLICE_X16Y49.A5      net (fanout=2)        0.461   leftb/M_ctr_q[8]
    SLICE_X16Y49.A       Tilo                  0.254   left/M_last_q
                                                       leftb/out3
    SLICE_X15Y49.A2      net (fanout=4)        0.953   out2_0
    SLICE_X15Y49.A       Tilo                  0.259   out1_0
                                                       left/out1
    SLICE_X9Y36.B3       net (fanout=26)       2.792   M_left_out
    SLICE_X9Y36.B        Tilo                  0.259   M_game_player_position_out[19]
                                                       game/move_player/alu/Mmux_aluOut22_SW0
    SLICE_X9Y35.A1       net (fanout=1)        1.130   game/N26
    SLICE_X9Y35.CLK      Tas                   0.373   game/M_player_position_q[7]
                                                       game/Mmux_M_player_position_d451
                                                       game/M_player_position_q_4
    -------------------------------------------------  ---------------------------
    Total                                      6.957ns (1.621ns logic, 5.336ns route)
                                                       (23.3% logic, 76.7% route)

--------------------------------------------------------------------------------
Slack:                  12.968ns (requirement - (data path - clock path skew + uncertainty))
  Source:               leftb/M_ctr_q_13 (FF)
  Destination:          game/M_player_position_q_6 (FF)
  Requirement:          20.000ns
  Data Path Delay:      6.937ns (Levels of Logic = 4)
  Clock Path Skew:      -0.060ns (0.626 - 0.686)
  Source Clock:         clk_BUFGP rising at 0.000ns
  Destination Clock:    clk_BUFGP rising at 20.000ns
  Clock Uncertainty:    0.035ns

  Clock Uncertainty:          0.035ns  ((TSJ^2 + TIJ^2)^1/2 + DJ) / 2 + PE
    Total System Jitter (TSJ):  0.070ns
    Total Input Jitter (TIJ):   0.000ns
    Discrete Jitter (DJ):       0.000ns
    Phase Error (PE):           0.000ns

  Maximum Data Path at Slow Process Corner: leftb/M_ctr_q_13 to game/M_player_position_q_6
    Location             Delay type         Delay(ns)  Physical Resource
                                                       Logical Resource(s)
    -------------------------------------------------  -------------------
    SLICE_X14Y50.BQ      Tcko                  0.476   leftb/M_ctr_q[15]
                                                       leftb/M_ctr_q_13
    SLICE_X16Y49.A2      net (fanout=2)        0.758   leftb/M_ctr_q[13]
    SLICE_X16Y49.A       Tilo                  0.254   left/M_last_q
                                                       leftb/out3
    SLICE_X15Y49.A2      net (fanout=4)        0.953   out2_0
    SLICE_X15Y49.A       Tilo                  0.259   out1_0
                                                       left/out1
    SLICE_X8Y36.A3       net (fanout=26)       2.780   M_left_out
    SLICE_X8Y36.A        Tilo                  0.254   game/N38
                                                       game/move_player/alu/Mmux_aluOut26_SW1
    SLICE_X9Y35.C1       net (fanout=1)        0.830   game/N39
    SLICE_X9Y35.CLK      Tas                   0.373   game/M_player_position_q[7]
                                                       game/Mmux_M_player_position_d611
                                                       game/M_player_position_q_6
    -------------------------------------------------  ---------------------------
    Total                                      6.937ns (1.616ns logic, 5.321ns route)
                                                       (23.3% logic, 76.7% route)

--------------------------------------------------------------------------------
Slack:                  12.974ns (requirement - (data path - clock path skew + uncertainty))
  Source:               leftb/M_ctr_q_12 (FF)
  Destination:          game/M_player_position_q_6 (FF)
  Requirement:          20.000ns
  Data Path Delay:      6.931ns (Levels of Logic = 5)
  Clock Path Skew:      -0.060ns (0.626 - 0.686)
  Source Clock:         clk_BUFGP rising at 0.000ns
  Destination Clock:    clk_BUFGP rising at 20.000ns
  Clock Uncertainty:    0.035ns

  Clock Uncertainty:          0.035ns  ((TSJ^2 + TIJ^2)^1/2 + DJ) / 2 + PE
    Total System Jitter (TSJ):  0.070ns
    Total Input Jitter (TIJ):   0.000ns
    Discrete Jitter (DJ):       0.000ns
    Phase Error (PE):           0.000ns

  Maximum Data Path at Slow Process Corner: leftb/M_ctr_q_12 to game/M_player_position_q_6
    Location             Delay type         Delay(ns)  Physical Resource
                                                       Logical Resource(s)
    -------------------------------------------------  -------------------
    SLICE_X14Y50.AQ      Tcko                  0.476   leftb/M_ctr_q[15]
                                                       leftb/M_ctr_q_12
    SLICE_X16Y49.A1      net (fanout=2)        1.017   leftb/M_ctr_q[12]
    SLICE_X16Y49.A       Tilo                  0.254   left/M_last_q
                                                       leftb/out3
    SLICE_X15Y49.C2      net (fanout=4)        0.757   out2_0
    SLICE_X15Y49.C       Tilo                  0.259   out1_0
                                                       left/out1_1
    SLICE_X6Y41.D2       net (fanout=8)        2.046   out1_3
    SLICE_X6Y41.COUT     Topcyd                0.335   game/move_player/alu/adder/Madd_a[15]_b[15]_add_3_OUT_cy[3]
                                                       game/move_player/Mmux_M_alu_a41
                                                       game/move_player/alu/adder/Madd_a[15]_b[15]_add_3_OUT_cy<3>
    SLICE_X6Y42.CIN      net (fanout=1)        0.003   game/move_player/alu/adder/Madd_a[15]_b[15]_add_3_OUT_cy[3]
    SLICE_X6Y42.CMUX     Tcinc                 0.289   game/a[15]_b[15]_add_3_OUT[7]
                                                       game/move_player/alu/adder/Madd_a[15]_b[15]_add_3_OUT_xor<7>
    SLICE_X9Y35.C3       net (fanout=2)        1.122   game/a[15]_b[15]_add_3_OUT[6]
    SLICE_X9Y35.CLK      Tas                   0.373   game/M_player_position_q[7]
                                                       game/Mmux_M_player_position_d611
                                                       game/M_player_position_q_6
    -------------------------------------------------  ---------------------------
    Total                                      6.931ns (1.986ns logic, 4.945ns route)
                                                       (28.7% logic, 71.3% route)

--------------------------------------------------------------------------------
Slack:                  12.974ns (requirement - (data path - clock path skew + uncertainty))
  Source:               leftb/M_ctr_q_12 (FF)
  Destination:          game/M_player_position_q_4 (FF)
  Requirement:          20.000ns
  Data Path Delay:      6.931ns (Levels of Logic = 5)
  Clock Path Skew:      -0.060ns (0.626 - 0.686)
  Source Clock:         clk_BUFGP rising at 0.000ns
  Destination Clock:    clk_BUFGP rising at 20.000ns
  Clock Uncertainty:    0.035ns

  Clock Uncertainty:          0.035ns  ((TSJ^2 + TIJ^2)^1/2 + DJ) / 2 + PE
    Total System Jitter (TSJ):  0.070ns
    Total Input Jitter (TIJ):   0.000ns
    Discrete Jitter (DJ):       0.000ns
    Phase Error (PE):           0.000ns

  Maximum Data Path at Slow Process Corner: leftb/M_ctr_q_12 to game/M_player_position_q_4
    Location             Delay type         Delay(ns)  Physical Resource
                                                       Logical Resource(s)
    -------------------------------------------------  -------------------
    SLICE_X14Y50.AQ      Tcko                  0.476   leftb/M_ctr_q[15]
                                                       leftb/M_ctr_q_12
    SLICE_X16Y49.A1      net (fanout=2)        1.017   leftb/M_ctr_q[12]
    SLICE_X16Y49.A       Tilo                  0.254   left/M_last_q
                                                       leftb/out3
    SLICE_X15Y49.C2      net (fanout=4)        0.757   out2_0
    SLICE_X15Y49.C       Tilo                  0.259   out1_0
                                                       left/out1_1
    SLICE_X6Y41.B1       net (fanout=8)        2.074   out1_3
    SLICE_X6Y41.COUT     Topcyb                0.448   game/move_player/alu/adder/Madd_a[15]_b[15]_add_3_OUT_cy[3]
                                                       game/move_player/Mmux_M_alu_a211
                                                       game/move_player/alu/adder/Madd_a[15]_b[15]_add_3_OUT_cy<3>
    SLICE_X6Y42.CIN      net (fanout=1)        0.003   game/move_player/alu/adder/Madd_a[15]_b[15]_add_3_OUT_cy[3]
    SLICE_X6Y42.AMUX     Tcina                 0.210   game/a[15]_b[15]_add_3_OUT[7]
                                                       game/move_player/alu/adder/Madd_a[15]_b[15]_add_3_OUT_xor<7>
    SLICE_X9Y35.A4       net (fanout=2)        1.060   game/a[15]_b[15]_add_3_OUT[4]
    SLICE_X9Y35.CLK      Tas                   0.373   game/M_player_position_q[7]
                                                       game/Mmux_M_player_position_d451
                                                       game/M_player_position_q_4
    -------------------------------------------------  ---------------------------
    Total                                      6.931ns (2.020ns logic, 4.911ns route)
                                                       (29.1% logic, 70.9% route)

--------------------------------------------------------------------------------
Slack:                  12.976ns (requirement - (data path - clock path skew + uncertainty))
  Source:               leftb/M_ctr_q_12 (FF)
  Destination:          game/M_player_position_q_5 (FF)
  Requirement:          20.000ns
  Data Path Delay:      6.929ns (Levels of Logic = 5)
  Clock Path Skew:      -0.060ns (0.626 - 0.686)
  Source Clock:         clk_BUFGP rising at 0.000ns
  Destination Clock:    clk_BUFGP rising at 20.000ns
  Clock Uncertainty:    0.035ns

  Clock Uncertainty:          0.035ns  ((TSJ^2 + TIJ^2)^1/2 + DJ) / 2 + PE
    Total System Jitter (TSJ):  0.070ns
    Total Input Jitter (TIJ):   0.000ns
    Discrete Jitter (DJ):       0.000ns
    Phase Error (PE):           0.000ns

  Maximum Data Path at Slow Process Corner: leftb/M_ctr_q_12 to game/M_player_position_q_5
    Location             Delay type         Delay(ns)  Physical Resource
                                                       Logical Resource(s)
    -------------------------------------------------  -------------------
    SLICE_X14Y50.AQ      Tcko                  0.476   leftb/M_ctr_q[15]
                                                       leftb/M_ctr_q_12
    SLICE_X16Y49.A1      net (fanout=2)        1.017   leftb/M_ctr_q[12]
    SLICE_X16Y49.A       Tilo                  0.254   left/M_last_q
                                                       leftb/out3
    SLICE_X15Y49.C2      net (fanout=4)        0.757   out2_0
    SLICE_X15Y49.C       Tilo                  0.259   out1_0
                                                       left/out1_1
    SLICE_X6Y41.D2       net (fanout=8)        2.046   out1_3
    SLICE_X6Y41.COUT     Topcyd                0.335   game/move_player/alu/adder/Madd_a[15]_b[15]_add_3_OUT_cy[3]
                                                       game/move_player/Mmux_M_alu_a41
                                                       game/move_player/alu/adder/Madd_a[15]_b[15]_add_3_OUT_cy<3>
    SLICE_X6Y42.CIN      net (fanout=1)        0.003   game/move_player/alu/adder/Madd_a[15]_b[15]_add_3_OUT_cy[3]
    SLICE_X6Y42.BMUX     Tcinb                 0.277   game/a[15]_b[15]_add_3_OUT[7]
                                                       game/move_player/alu/adder/Madd_a[15]_b[15]_add_3_OUT_xor<7>
    SLICE_X9Y35.B3       net (fanout=2)        1.132   game/a[15]_b[15]_add_3_OUT[5]
    SLICE_X9Y35.CLK      Tas                   0.373   game/M_player_position_q[7]
                                                       game/Mmux_M_player_position_d561
                                                       game/M_player_position_q_5
    -------------------------------------------------  ---------------------------
    Total                                      6.929ns (1.974ns logic, 4.955ns route)
                                                       (28.5% logic, 71.5% route)

--------------------------------------------------------------------------------
Slack:                  12.977ns (requirement - (data path - clock path skew + uncertainty))
  Source:               leftb/M_ctr_q_12 (FF)
  Destination:          game/M_player_position_q_2 (FF)
  Requirement:          20.000ns
  Data Path Delay:      6.926ns (Levels of Logic = 4)
  Clock Path Skew:      -0.062ns (0.624 - 0.686)
  Source Clock:         clk_BUFGP rising at 0.000ns
  Destination Clock:    clk_BUFGP rising at 20.000ns
  Clock Uncertainty:    0.035ns

  Clock Uncertainty:          0.035ns  ((TSJ^2 + TIJ^2)^1/2 + DJ) / 2 + PE
    Total System Jitter (TSJ):  0.070ns
    Total Input Jitter (TIJ):   0.000ns
    Discrete Jitter (DJ):       0.000ns
    Phase Error (PE):           0.000ns

  Maximum Data Path at Slow Process Corner: leftb/M_ctr_q_12 to game/M_player_position_q_2
    Location             Delay type         Delay(ns)  Physical Resource
                                                       Logical Resource(s)
    -------------------------------------------------  -------------------
    SLICE_X14Y50.AQ      Tcko                  0.476   leftb/M_ctr_q[15]
                                                       leftb/M_ctr_q_12
    SLICE_X16Y49.A1      net (fanout=2)        1.017   leftb/M_ctr_q[12]
    SLICE_X16Y49.A       Tilo                  0.254   left/M_last_q
                                                       leftb/out3
    SLICE_X15Y49.C2      net (fanout=4)        0.757   out2_0
    SLICE_X15Y49.C       Tilo                  0.259   out1_0
                                                       left/out1_1
    SLICE_X5Y31.A4       net (fanout=8)        2.324   out1_3
    SLICE_X5Y31.A        Tilo                  0.259   M_game_player_position_out[23]
                                                       game/move_player/Mmux_player_location_out1111
    SLICE_X7Y40.C3       net (fanout=16)       1.207   game/Mmux_player_location_out111
    SLICE_X7Y40.CLK      Tas                   0.373   game/M_player_position_q[3]
                                                       game/Mmux_M_player_position_d231
                                                       game/M_player_position_q_2
    -------------------------------------------------  ---------------------------
    Total                                      6.926ns (1.621ns logic, 5.305ns route)
                                                       (23.4% logic, 76.6% route)

--------------------------------------------------------------------------------
Slack:                  13.011ns (requirement - (data path - clock path skew + uncertainty))
  Source:               leftb/M_ctr_q_12 (FF)
  Destination:          game/M_player_position_q_4 (FF)
  Requirement:          20.000ns
  Data Path Delay:      6.894ns (Levels of Logic = 5)
  Clock Path Skew:      -0.060ns (0.626 - 0.686)
  Source Clock:         clk_BUFGP rising at 0.000ns
  Destination Clock:    clk_BUFGP rising at 20.000ns
  Clock Uncertainty:    0.035ns

  Clock Uncertainty:          0.035ns  ((TSJ^2 + TIJ^2)^1/2 + DJ) / 2 + PE
    Total System Jitter (TSJ):  0.070ns
    Total Input Jitter (TIJ):   0.000ns
    Discrete Jitter (DJ):       0.000ns
    Phase Error (PE):           0.000ns

  Maximum Data Path at Slow Process Corner: leftb/M_ctr_q_12 to game/M_player_position_q_4
    Location             Delay type         Delay(ns)  Physical Resource
                                                       Logical Resource(s)
    -------------------------------------------------  -------------------
    SLICE_X14Y50.AQ      Tcko                  0.476   leftb/M_ctr_q[15]
                                                       leftb/M_ctr_q_12
    SLICE_X16Y49.A1      net (fanout=2)        1.017   leftb/M_ctr_q[12]
    SLICE_X16Y49.A       Tilo                  0.254   left/M_last_q
                                                       leftb/out3
    SLICE_X15Y49.C2      net (fanout=4)        0.757   out2_0
    SLICE_X15Y49.C       Tilo                  0.259   out1_0
                                                       left/out1_1
    SLICE_X6Y41.B1       net (fanout=8)        2.074   out1_3
    SLICE_X6Y41.COUT     Topcyb                0.411   game/move_player/alu/adder/Madd_a[15]_b[15]_add_3_OUT_cy[3]
                                                       game/move_player/Mmux_M_alu_a21
                                                       game/move_player/alu/adder/Madd_a[15]_b[15]_add_3_OUT_cy<3>
    SLICE_X6Y42.CIN      net (fanout=1)        0.003   game/move_player/alu/adder/Madd_a[15]_b[15]_add_3_OUT_cy[3]
    SLICE_X6Y42.AMUX     Tcina                 0.210   game/a[15]_b[15]_add_3_OUT[7]
                                                       game/move_player/alu/adder/Madd_a[15]_b[15]_add_3_OUT_xor<7>
    SLICE_X9Y35.A4       net (fanout=2)        1.060   game/a[15]_b[15]_add_3_OUT[4]
    SLICE_X9Y35.CLK      Tas                   0.373   game/M_player_position_q[7]
                                                       game/Mmux_M_player_position_d451
                                                       game/M_player_position_q_4
    -------------------------------------------------  ---------------------------
    Total                                      6.894ns (1.983ns logic, 4.911ns route)
                                                       (28.8% logic, 71.2% route)

--------------------------------------------------------------------------------
Slack:                  13.019ns (requirement - (data path - clock path skew + uncertainty))
  Source:               leftb/M_ctr_q_12 (FF)
  Destination:          game/M_player_position_q_6 (FF)
  Requirement:          20.000ns
  Data Path Delay:      6.886ns (Levels of Logic = 5)
  Clock Path Skew:      -0.060ns (0.626 - 0.686)
  Source Clock:         clk_BUFGP rising at 0.000ns
  Destination Clock:    clk_BUFGP rising at 20.000ns
  Clock Uncertainty:    0.035ns

  Clock Uncertainty:          0.035ns  ((TSJ^2 + TIJ^2)^1/2 + DJ) / 2 + PE
    Total System Jitter (TSJ):  0.070ns
    Total Input Jitter (TIJ):   0.000ns
    Discrete Jitter (DJ):       0.000ns
    Phase Error (PE):           0.000ns

  Maximum Data Path at Slow Process Corner: leftb/M_ctr_q_12 to game/M_player_position_q_6
    Location             Delay type         Delay(ns)  Physical Resource
                                                       Logical Resource(s)
    -------------------------------------------------  -------------------
    SLICE_X14Y50.AQ      Tcko                  0.476   leftb/M_ctr_q[15]
                                                       leftb/M_ctr_q_12
    SLICE_X16Y49.A1      net (fanout=2)        1.017   leftb/M_ctr_q[12]
    SLICE_X16Y49.A       Tilo                  0.254   left/M_last_q
                                                       leftb/out3
    SLICE_X15Y49.C2      net (fanout=4)        0.757   out2_0
    SLICE_X15Y49.C       Tilo                  0.259   out1_0
                                                       left/out1_1
    SLICE_X6Y41.D2       net (fanout=8)        2.046   out1_3
    SLICE_X6Y41.COUT     Topcyd                0.290   game/move_player/alu/adder/Madd_a[15]_b[15]_add_3_OUT_cy[3]
                                                       game/move_player/Mmux_M_alu_a411
                                                       game/move_player/alu/adder/Madd_a[15]_b[15]_add_3_OUT_cy<3>
    SLICE_X6Y42.CIN      net (fanout=1)        0.003   game/move_player/alu/adder/Madd_a[15]_b[15]_add_3_OUT_cy[3]
    SLICE_X6Y42.CMUX     Tcinc                 0.289   game/a[15]_b[15]_add_3_OUT[7]
                                                       game/move_player/alu/adder/Madd_a[15]_b[15]_add_3_OUT_xor<7>
    SLICE_X9Y35.C3       net (fanout=2)        1.122   game/a[15]_b[15]_add_3_OUT[6]
    SLICE_X9Y35.CLK      Tas                   0.373   game/M_player_position_q[7]
                                                       game/Mmux_M_player_position_d611
                                                       game/M_player_position_q_6
    -------------------------------------------------  ---------------------------
    Total                                      6.886ns (1.941ns logic, 4.945ns route)
                                                       (28.2% logic, 71.8% route)

--------------------------------------------------------------------------------
Slack:                  13.021ns (requirement - (data path - clock path skew + uncertainty))
  Source:               leftb/M_ctr_q_12 (FF)
  Destination:          game/M_player_position_q_5 (FF)
  Requirement:          20.000ns
  Data Path Delay:      6.884ns (Levels of Logic = 5)
  Clock Path Skew:      -0.060ns (0.626 - 0.686)
  Source Clock:         clk_BUFGP rising at 0.000ns
  Destination Clock:    clk_BUFGP rising at 20.000ns
  Clock Uncertainty:    0.035ns

  Clock Uncertainty:          0.035ns  ((TSJ^2 + TIJ^2)^1/2 + DJ) / 2 + PE
    Total System Jitter (TSJ):  0.070ns
    Total Input Jitter (TIJ):   0.000ns
    Discrete Jitter (DJ):       0.000ns
    Phase Error (PE):           0.000ns

  Maximum Data Path at Slow Process Corner: leftb/M_ctr_q_12 to game/M_player_position_q_5
    Location             Delay type         Delay(ns)  Physical Resource
                                                       Logical Resource(s)
    -------------------------------------------------  -------------------
    SLICE_X14Y50.AQ      Tcko                  0.476   leftb/M_ctr_q[15]
                                                       leftb/M_ctr_q_12
    SLICE_X16Y49.A1      net (fanout=2)        1.017   leftb/M_ctr_q[12]
    SLICE_X16Y49.A       Tilo                  0.254   left/M_last_q
                                                       leftb/out3
    SLICE_X15Y49.C2      net (fanout=4)        0.757   out2_0
    SLICE_X15Y49.C       Tilo                  0.259   out1_0
                                                       left/out1_1
    SLICE_X6Y41.D2       net (fanout=8)        2.046   out1_3
    SLICE_X6Y41.COUT     Topcyd                0.290   game/move_player/alu/adder/Madd_a[15]_b[15]_add_3_OUT_cy[3]
                                                       game/move_player/Mmux_M_alu_a411
                                                       game/move_player/alu/adder/Madd_a[15]_b[15]_add_3_OUT_cy<3>
    SLICE_X6Y42.CIN      net (fanout=1)        0.003   game/move_player/alu/adder/Madd_a[15]_b[15]_add_3_OUT_cy[3]
    SLICE_X6Y42.BMUX     Tcinb                 0.277   game/a[15]_b[15]_add_3_OUT[7]
                                                       game/move_player/alu/adder/Madd_a[15]_b[15]_add_3_OUT_xor<7>
    SLICE_X9Y35.B3       net (fanout=2)        1.132   game/a[15]_b[15]_add_3_OUT[5]
    SLICE_X9Y35.CLK      Tas                   0.373   game/M_player_position_q[7]
                                                       game/Mmux_M_player_position_d561
                                                       game/M_player_position_q_5
    -------------------------------------------------  ---------------------------
    Total                                      6.884ns (1.929ns logic, 4.955ns route)
                                                       (28.0% logic, 72.0% route)

--------------------------------------------------------------------------------
Slack:                  13.026ns (requirement - (data path - clock path skew + uncertainty))
  Source:               leftb/M_ctr_q_13 (FF)
  Destination:          game/M_player_position_q_5 (FF)
  Requirement:          20.000ns
  Data Path Delay:      6.879ns (Levels of Logic = 4)
  Clock Path Skew:      -0.060ns (0.626 - 0.686)
  Source Clock:         clk_BUFGP rising at 0.000ns
  Destination Clock:    clk_BUFGP rising at 20.000ns
  Clock Uncertainty:    0.035ns

  Clock Uncertainty:          0.035ns  ((TSJ^2 + TIJ^2)^1/2 + DJ) / 2 + PE
    Total System Jitter (TSJ):  0.070ns
    Total Input Jitter (TIJ):   0.000ns
    Discrete Jitter (DJ):       0.000ns
    Phase Error (PE):           0.000ns

  Maximum Data Path at Slow Process Corner: leftb/M_ctr_q_13 to game/M_player_position_q_5
    Location             Delay type         Delay(ns)  Physical Resource
                                                       Logical Resource(s)
    -------------------------------------------------  -------------------
    SLICE_X14Y50.BQ      Tcko                  0.476   leftb/M_ctr_q[15]
                                                       leftb/M_ctr_q_13
    SLICE_X16Y49.A2      net (fanout=2)        0.758   leftb/M_ctr_q[13]
    SLICE_X16Y49.A       Tilo                  0.254   left/M_last_q
                                                       leftb/out3
    SLICE_X15Y49.A2      net (fanout=4)        0.953   out2_0
    SLICE_X15Y49.A       Tilo                  0.259   out1_0
                                                       left/out1
    SLICE_X9Y34.D3       net (fanout=26)       2.820   M_left_out
    SLICE_X9Y34.D        Tilo                  0.259   game/N23
                                                       game/move_player/alu/Mmux_aluOut24_SW0
    SLICE_X9Y35.B2       net (fanout=1)        0.727   game/N23
    SLICE_X9Y35.CLK      Tas                   0.373   game/M_player_position_q[7]
                                                       game/Mmux_M_player_position_d561
                                                       game/M_player_position_q_5
    -------------------------------------------------  ---------------------------
    Total                                      6.879ns (1.621ns logic, 5.258ns route)
                                                       (23.6% logic, 76.4% route)

--------------------------------------------------------------------------------
Slack:                  13.029ns (requirement - (data path - clock path skew + uncertainty))
  Source:               leftb/M_ctr_q_16 (FF)
  Destination:          game/M_player_position_q_4 (FF)
  Requirement:          20.000ns
  Data Path Delay:      6.878ns (Levels of Logic = 4)
  Clock Path Skew:      -0.058ns (0.626 - 0.684)
  Source Clock:         clk_BUFGP rising at 0.000ns
  Destination Clock:    clk_BUFGP rising at 20.000ns
  Clock Uncertainty:    0.035ns

  Clock Uncertainty:          0.035ns  ((TSJ^2 + TIJ^2)^1/2 + DJ) / 2 + PE
    Total System Jitter (TSJ):  0.070ns
    Total Input Jitter (TIJ):   0.000ns
    Discrete Jitter (DJ):       0.000ns
    Phase Error (PE):           0.000ns

  Maximum Data Path at Slow Process Corner: leftb/M_ctr_q_16 to game/M_player_position_q_4
    Location             Delay type         Delay(ns)  Physical Resource
                                                       Logical Resource(s)
    -------------------------------------------------  -------------------
    SLICE_X14Y51.AQ      Tcko                  0.476   leftb/M_ctr_q[19]
                                                       leftb/M_ctr_q_16
    SLICE_X15Y49.D2      net (fanout=2)        0.958   leftb/M_ctr_q[16]
    SLICE_X15Y49.D       Tilo                  0.259   out1_0
                                                       leftb/out2
    SLICE_X15Y49.A3      net (fanout=4)        0.372   out1_0
    SLICE_X15Y49.A       Tilo                  0.259   out1_0
                                                       left/out1
    SLICE_X9Y36.B3       net (fanout=26)       2.792   M_left_out
    SLICE_X9Y36.B        Tilo                  0.259   M_game_player_position_out[19]
                                                       game/move_player/alu/Mmux_aluOut22_SW0
    SLICE_X9Y35.A1       net (fanout=1)        1.130   game/N26
    SLICE_X9Y35.CLK      Tas                   0.373   game/M_player_position_q[7]
                                                       game/Mmux_M_player_position_d451
                                                       game/M_player_position_q_4
    -------------------------------------------------  ---------------------------
    Total                                      6.878ns (1.626ns logic, 5.252ns route)
                                                       (23.6% logic, 76.4% route)

--------------------------------------------------------------------------------
Slack:                  13.030ns (requirement - (data path - clock path skew + uncertainty))
  Source:               leftb/M_ctr_q_12 (FF)
  Destination:          game/M_player_position_q_7 (FF)
  Requirement:          20.000ns
  Data Path Delay:      6.875ns (Levels of Logic = 4)
  Clock Path Skew:      -0.060ns (0.626 - 0.686)
  Source Clock:         clk_BUFGP rising at 0.000ns
  Destination Clock:    clk_BUFGP rising at 20.000ns
  Clock Uncertainty:    0.035ns

  Clock Uncertainty:          0.035ns  ((TSJ^2 + TIJ^2)^1/2 + DJ) / 2 + PE
    Total System Jitter (TSJ):  0.070ns
    Total Input Jitter (TIJ):   0.000ns
    Discrete Jitter (DJ):       0.000ns
    Phase Error (PE):           0.000ns

  Maximum Data Path at Slow Process Corner: leftb/M_ctr_q_12 to game/M_player_position_q_7
    Location             Delay type         Delay(ns)  Physical Resource
                                                       Logical Resource(s)
    -------------------------------------------------  -------------------
    SLICE_X14Y50.AQ      Tcko                  0.476   leftb/M_ctr_q[15]
                                                       leftb/M_ctr_q_12
    SLICE_X16Y49.A1      net (fanout=2)        1.017   leftb/M_ctr_q[12]
    SLICE_X16Y49.A       Tilo                  0.254   left/M_last_q
                                                       leftb/out3
    SLICE_X15Y49.A2      net (fanout=4)        0.953   out2_0
    SLICE_X15Y49.A       Tilo                  0.259   out1_0
                                                       left/out1
    SLICE_X9Y34.B6       net (fanout=26)       2.572   M_left_out
    SLICE_X9Y34.B        Tilo                  0.259   game/N23
                                                       game/move_player/alu/Mmux_aluOut281_SW0
    SLICE_X9Y35.D2       net (fanout=1)        0.712   game/N20
    SLICE_X9Y35.CLK      Tas                   0.373   game/M_player_position_q[7]
                                                       game/Mmux_M_player_position_d621
                                                       game/M_player_position_q_7
    -------------------------------------------------  ---------------------------
    Total                                      6.875ns (1.621ns logic, 5.254ns route)
                                                       (23.6% logic, 76.4% route)

--------------------------------------------------------------------------------

Component Switching Limit Checks: TS_clk = PERIOD TIMEGRP "clk" 50 MHz HIGH 50%;
--------------------------------------------------------------------------------
Slack: 17.334ns (period - min period limit)
  Period: 20.000ns
  Min period limit: 2.666ns (375.094MHz) (Tbcper_I)
  Physical resource: clk_BUFGP/BUFG/I0
  Logical resource: clk_BUFGP/BUFG/I0
  Location pin: BUFGMUX_X2Y11.I0
  Clock network: clk_BUFGP/IBUFG
--------------------------------------------------------------------------------
Slack: 18.601ns (period - min period limit)
  Period: 20.000ns
  Min period limit: 1.399ns (714.796MHz) (Tcp)
  Physical resource: rightb/M_sync_out/CLK
  Logical resource: downb/sync/Mshreg_M_pipe_q_1/CLK
  Location pin: SLICE_X4Y58.CLK
  Clock network: clk_BUFGP
--------------------------------------------------------------------------------
Slack: 18.601ns (period - min period limit)
  Period: 20.000ns
  Min period limit: 1.399ns (714.796MHz) (Tcp)
  Physical resource: rightb/M_sync_out/CLK
  Logical resource: leftb/sync/Mshreg_M_pipe_q_1/CLK
  Location pin: SLICE_X4Y58.CLK
  Clock network: clk_BUFGP
--------------------------------------------------------------------------------
Slack: 18.601ns (period - min period limit)
  Period: 20.000ns
  Min period limit: 1.399ns (714.796MHz) (Tcp)
  Physical resource: rightb/M_sync_out/CLK
  Logical resource: upb/sync/Mshreg_M_pipe_q_1/CLK
  Location pin: SLICE_X4Y58.CLK
  Clock network: clk_BUFGP
--------------------------------------------------------------------------------
Slack: 18.601ns (period - min period limit)
  Period: 20.000ns
  Min period limit: 1.399ns (714.796MHz) (Tcp)
  Physical resource: rightb/M_sync_out/CLK
  Logical resource: rightb/sync/Mshreg_M_pipe_q_1/CLK
  Location pin: SLICE_X4Y58.CLK
  Clock network: clk_BUFGP
--------------------------------------------------------------------------------
Slack: 19.520ns (period - min period limit)
  Period: 20.000ns
  Min period limit: 0.480ns (2083.333MHz) (Tcp)
  Physical resource: rightb/M_ctr_q[3]/CLK
  Logical resource: rightb/M_ctr_q_0/CK
  Location pin: SLICE_X4Y42.CLK
  Clock network: clk_BUFGP
--------------------------------------------------------------------------------
Slack: 19.520ns (period - min period limit)
  Period: 20.000ns
  Min period limit: 0.480ns (2083.333MHz) (Tcp)
  Physical resource: rightb/M_ctr_q[3]/CLK
  Logical resource: rightb/M_ctr_q_1/CK
  Location pin: SLICE_X4Y42.CLK
  Clock network: clk_BUFGP
--------------------------------------------------------------------------------
Slack: 19.520ns (period - min period limit)
  Period: 20.000ns
  Min period limit: 0.480ns (2083.333MHz) (Tcp)
  Physical resource: rightb/M_ctr_q[3]/CLK
  Logical resource: rightb/M_ctr_q_2/CK
  Location pin: SLICE_X4Y42.CLK
  Clock network: clk_BUFGP
--------------------------------------------------------------------------------
Slack: 19.520ns (period - min period limit)
  Period: 20.000ns
  Min period limit: 0.480ns (2083.333MHz) (Tcp)
  Physical resource: rightb/M_ctr_q[3]/CLK
  Logical resource: rightb/M_ctr_q_3/CK
  Location pin: SLICE_X4Y42.CLK
  Clock network: clk_BUFGP
--------------------------------------------------------------------------------
Slack: 19.520ns (period - min period limit)
  Period: 20.000ns
  Min period limit: 0.480ns (2083.333MHz) (Tcp)
  Physical resource: rightb/M_ctr_q[7]/CLK
  Logical resource: rightb/M_ctr_q_4/CK
  Location pin: SLICE_X4Y43.CLK
  Clock network: clk_BUFGP
--------------------------------------------------------------------------------
Slack: 19.520ns (period - min period limit)
  Period: 20.000ns
  Min period limit: 0.480ns (2083.333MHz) (Tcp)
  Physical resource: rightb/M_ctr_q[7]/CLK
  Logical resource: rightb/M_ctr_q_5/CK
  Location pin: SLICE_X4Y43.CLK
  Clock network: clk_BUFGP
--------------------------------------------------------------------------------
Slack: 19.520ns (period - min period limit)
  Period: 20.000ns
  Min period limit: 0.480ns (2083.333MHz) (Tcp)
  Physical resource: rightb/M_ctr_q[7]/CLK
  Logical resource: rightb/M_ctr_q_6/CK
  Location pin: SLICE_X4Y43.CLK
  Clock network: clk_BUFGP
--------------------------------------------------------------------------------
Slack: 19.520ns (period - min period limit)
  Period: 20.000ns
  Min period limit: 0.480ns (2083.333MHz) (Tcp)
  Physical resource: rightb/M_ctr_q[7]/CLK
  Logical resource: rightb/M_ctr_q_7/CK
  Location pin: SLICE_X4Y43.CLK
  Clock network: clk_BUFGP
--------------------------------------------------------------------------------
Slack: 19.520ns (period - min period limit)
  Period: 20.000ns
  Min period limit: 0.480ns (2083.333MHz) (Tcp)
  Physical resource: rightb/M_ctr_q[11]/CLK
  Logical resource: rightb/M_ctr_q_8/CK
  Location pin: SLICE_X4Y44.CLK
  Clock network: clk_BUFGP
--------------------------------------------------------------------------------
Slack: 19.520ns (period - min period limit)
  Period: 20.000ns
  Min period limit: 0.480ns (2083.333MHz) (Tcp)
  Physical resource: rightb/M_ctr_q[11]/CLK
  Logical resource: rightb/M_ctr_q_9/CK
  Location pin: SLICE_X4Y44.CLK
  Clock network: clk_BUFGP
--------------------------------------------------------------------------------
Slack: 19.520ns (period - min period limit)
  Period: 20.000ns
  Min period limit: 0.480ns (2083.333MHz) (Tcp)
  Physical resource: rightb/M_ctr_q[11]/CLK
  Logical resource: rightb/M_ctr_q_10/CK
  Location pin: SLICE_X4Y44.CLK
  Clock network: clk_BUFGP
--------------------------------------------------------------------------------
Slack: 19.520ns (period - min period limit)
  Period: 20.000ns
  Min period limit: 0.480ns (2083.333MHz) (Tcp)
  Physical resource: rightb/M_ctr_q[11]/CLK
  Logical resource: rightb/M_ctr_q_11/CK
  Location pin: SLICE_X4Y44.CLK
  Clock network: clk_BUFGP
--------------------------------------------------------------------------------
Slack: 19.520ns (period - min period limit)
  Period: 20.000ns
  Min period limit: 0.480ns (2083.333MHz) (Tcp)
  Physical resource: rightb/M_ctr_q[15]/CLK
  Logical resource: rightb/M_ctr_q_12/CK
  Location pin: SLICE_X4Y45.CLK
  Clock network: clk_BUFGP
--------------------------------------------------------------------------------
Slack: 19.520ns (period - min period limit)
  Period: 20.000ns
  Min period limit: 0.480ns (2083.333MHz) (Tcp)
  Physical resource: rightb/M_ctr_q[15]/CLK
  Logical resource: rightb/M_ctr_q_13/CK
  Location pin: SLICE_X4Y45.CLK
  Clock network: clk_BUFGP
--------------------------------------------------------------------------------
Slack: 19.520ns (period - min period limit)
  Period: 20.000ns
  Min period limit: 0.480ns (2083.333MHz) (Tcp)
  Physical resource: rightb/M_ctr_q[15]/CLK
  Logical resource: rightb/M_ctr_q_14/CK
  Location pin: SLICE_X4Y45.CLK
  Clock network: clk_BUFGP
--------------------------------------------------------------------------------
Slack: 19.520ns (period - min period limit)
  Period: 20.000ns
  Min period limit: 0.480ns (2083.333MHz) (Tcp)
  Physical resource: rightb/M_ctr_q[15]/CLK
  Logical resource: rightb/M_ctr_q_15/CK
  Location pin: SLICE_X4Y45.CLK
  Clock network: clk_BUFGP
--------------------------------------------------------------------------------
Slack: 19.520ns (period - min period limit)
  Period: 20.000ns
  Min period limit: 0.480ns (2083.333MHz) (Tcp)
  Physical resource: rightb/M_ctr_q[19]/CLK
  Logical resource: rightb/M_ctr_q_16/CK
  Location pin: SLICE_X4Y46.CLK
  Clock network: clk_BUFGP
--------------------------------------------------------------------------------
Slack: 19.520ns (period - min period limit)
  Period: 20.000ns
  Min period limit: 0.480ns (2083.333MHz) (Tcp)
  Physical resource: rightb/M_ctr_q[19]/CLK
  Logical resource: rightb/M_ctr_q_17/CK
  Location pin: SLICE_X4Y46.CLK
  Clock network: clk_BUFGP
--------------------------------------------------------------------------------
Slack: 19.520ns (period - min period limit)
  Period: 20.000ns
  Min period limit: 0.480ns (2083.333MHz) (Tcp)
  Physical resource: rightb/M_ctr_q[19]/CLK
  Logical resource: rightb/M_ctr_q_18/CK
  Location pin: SLICE_X4Y46.CLK
  Clock network: clk_BUFGP
--------------------------------------------------------------------------------
Slack: 19.520ns (period - min period limit)
  Period: 20.000ns
  Min period limit: 0.480ns (2083.333MHz) (Tcp)
  Physical resource: rightb/M_ctr_q[19]/CLK
  Logical resource: rightb/M_ctr_q_19/CK
  Location pin: SLICE_X4Y46.CLK
  Clock network: clk_BUFGP
--------------------------------------------------------------------------------
Slack: 19.520ns (period - min period limit)
  Period: 20.000ns
  Min period limit: 0.480ns (2083.333MHz) (Tcp)
  Physical resource: rightb/M_sync_out/CLK
  Logical resource: downb/sync/M_pipe_q_1/CK
  Location pin: SLICE_X4Y58.CLK
  Clock network: clk_BUFGP
--------------------------------------------------------------------------------
Slack: 19.520ns (period - min period limit)
  Period: 20.000ns
  Min period limit: 0.480ns (2083.333MHz) (Tcp)
  Physical resource: rightb/M_sync_out/CLK
  Logical resource: leftb/sync/M_pipe_q_1/CK
  Location pin: SLICE_X4Y58.CLK
  Clock network: clk_BUFGP
--------------------------------------------------------------------------------
Slack: 19.520ns (period - min period limit)
  Period: 20.000ns
  Min period limit: 0.480ns (2083.333MHz) (Tcp)
  Physical resource: rightb/M_sync_out/CLK
  Logical resource: upb/sync/M_pipe_q_1/CK
  Location pin: SLICE_X4Y58.CLK
  Clock network: clk_BUFGP
--------------------------------------------------------------------------------
Slack: 19.520ns (period - min period limit)
  Period: 20.000ns
  Min period limit: 0.480ns (2083.333MHz) (Tcp)
  Physical resource: rightb/M_sync_out/CLK
  Logical resource: rightb/sync/M_pipe_q_1/CK
  Location pin: SLICE_X4Y58.CLK
  Clock network: clk_BUFGP
--------------------------------------------------------------------------------
Slack: 19.520ns (period - min period limit)
  Period: 20.000ns
  Min period limit: 0.480ns (2083.333MHz) (Tcp)
  Physical resource: M_state_q/CLK
  Logical resource: game/M_state_q/CK
  Location pin: SLICE_X8Y37.CLK
  Clock network: clk_BUFGP
--------------------------------------------------------------------------------


All constraints were met.


Data Sheet report:
-----------------
All values displayed in nanoseconds (ns)

Clock to Setup on destination clock clk
---------------+---------+---------+---------+---------+
               | Src:Rise| Src:Fall| Src:Rise| Src:Fall|
Source Clock   |Dest:Rise|Dest:Rise|Dest:Fall|Dest:Fall|
---------------+---------+---------+---------+---------+
clk            |    7.608|         |         |         |
---------------+---------+---------+---------+---------+


Timing summary:
---------------

Timing errors: 0  Score: 0  (Setup/Max: 0, Hold: 0)

Constraints cover 7287 paths, 0 nets, and 598 connections

Design statistics:
   Minimum period:   7.608ns{1}   (Maximum frequency: 131.441MHz)


------------------------------------Footnotes-----------------------------------
1)  The minimum period statistic assumes all single cycle delays.

Analysis completed Sat Nov 23 12:42:07 2019 
--------------------------------------------------------------------------------

Trace Settings:
-------------------------
Trace Settings 

Peak Memory Usage: 4552 MB



